-- The CXX compiler identification is GNU 11.4.0
-- Detecting CXX compiler ABI info
-- Detecting CXX compiler ABI info - done
-- Check for working CXX compiler: /usr/bin/c++ - skipped
-- Detecting CXX compile features
-- Detecting CXX compile features - done
-- Found ament_cmake: 1.3.11 (/opt/ros/humble/share/ament_cmake/cmake)
-- Found Python3: /usr/bin/python3 (found version "3.10.12") found components: Interpreter 
-- Override CMake install command with custom implementation using symlinks instead of copying resources
[31mCMake Error at CMakeLists.txt:89 (find_package):
  By not providing "Findace_interfaces.cmake" in CMAKE_MODULE_PATH this
  project has asked CMake to find a package configuration file provided by
  "ace_interfaces", but CMake did not find one.

  Could not find a package configuration file provided by "ace_interfaces"
  (requested version 0.0.1) with any of the following names:

    ace_interfacesConfig.cmake
    ace_interfaces-config.cmake

  Add the installation prefix of "ace_interfaces" to CMAKE_PREFIX_PATH or set
  "ace_interfaces_DIR" to a directory containing one of the above files.  If
  "ace_interfaces" provides a separate development package or SDK, be sure it
  has been installed.

[0m
-- Configuring incomplete, errors occurred!
See also "/home/EU/chaydina/ws/src/ace_perception_physics/evs/build/evs/CMakeFiles/CMakeOutput.log".
