[0.124s] Invoking command in '/home/EU/chaydina/ws/src/ace_perception_physics/evs/build/evs': CMAKE_PREFIX_PATH=/opt/ros/humble _=/usr/bin/env /usr/bin/cmake /home/EU/chaydina/ws/src/ace_perception_physics/evs/src/evs -DWITH_HARDWARE=OFF -DCMAKE_BUILD_TYPE=RelWithDebInfo -DAMENT_CMAKE_SYMLINK_INSTALL=1 -DCMAKE_INSTALL_PREFIX=/home/EU/chaydina/ws/src/ace_perception_physics/evs/install/evs
[0.191s] -- The CXX compiler identification is GNU 11.4.0
[0.201s] -- Detecting CXX compiler ABI info
[0.290s] -- Detecting CXX compiler ABI info - done
[0.310s] -- Check for working CXX compiler: /usr/bin/c++ - skipped
[0.311s] -- Detecting CXX compile features
[0.312s] -- Detecting CXX compile features - done
[0.318s] -- Found ament_cmake: 1.3.11 (/opt/ros/humble/share/ament_cmake/cmake)
[1.356s] -- Found Python3: /usr/bin/python3 (found version "3.10.12") found components: Interpreter 
[1.433s] -- Override CMake install command with custom implementation using symlinks instead of copying resources
[1.500s] [31mCMake Error at CMakeLists.txt:89 (find_package):
[1.501s]   By not providing "Findace_interfaces.cmake" in CMAKE_MODULE_PATH this
[1.501s]   project has asked CMake to find a package configuration file provided by
[1.501s]   "ace_interfaces", but CMake did not find one.
[1.502s] 
[1.502s]   Could not find a package configuration file provided by "ace_interfaces"
[1.502s]   (requested version 0.0.1) with any of the following names:
[1.502s] 
[1.502s]     ace_interfacesConfig.cmake
[1.502s]     ace_interfaces-config.cmake
[1.503s] 
[1.503s]   Add the installation prefix of "ace_interfaces" to CMAKE_PREFIX_PATH or set
[1.503s]   "ace_interfaces_DIR" to a directory containing one of the above files.  If
[1.503s]   "ace_interfaces" provides a separate development package or SDK, be sure it
[1.503s]   has been installed.
[1.504s] 
[1.504s] [0m
[1.504s] -- Configuring incomplete, errors occurred!
[1.504s] See also "/home/EU/chaydina/ws/src/ace_perception_physics/evs/build/evs/CMakeFiles/CMakeOutput.log".
[1.506s] Invoked command in '/home/EU/chaydina/ws/src/ace_perception_physics/evs/build/evs' returned '1': CMAKE_PREFIX_PATH=/opt/ros/humble _=/usr/bin/env /usr/bin/cmake /home/EU/chaydina/ws/src/ace_perception_physics/evs/src/evs -DWITH_HARDWARE=OFF -DCMAKE_BUILD_TYPE=RelWithDebInfo -DAMENT_CMAKE_SYMLINK_INSTALL=1 -DCMAKE_INSTALL_PREFIX=/home/EU/chaydina/ws/src/ace_perception_physics/evs/install/evs
